
> my-v0-project@0.1.0 test:cov
> vitest run --coverage src/__tests__/integration/hooks/useAuth.test.tsx --run


[1m[46m RUN [49m[22m [36mv4.0.16 [39m[90mC:/Users/LENOVO/Desktop/Tesis/TuTurnoProduccion[39m
      [2mCoverage enabled with [22m[33mv8[39m

 [31mÔØ»[39m src/__tests__/integration/hooks/useAuth.test.tsx [2m([22m[2m20 tests[22m[2m | [22m[31m2 failed[39m[2m)[22m[32m 13[2mms[22m[39m
       [32mÔ£ô[39m deber├¡a inicializar con usuario null[32m 2[2mms[22m[39m
       [32mÔ£ô[39m deber├¡a cargar sesi├│n existente[32m 0[2mms[22m[39m
       [32mÔ£ô[39m deber├¡a iniciar sesi├│n con email y contrase├▒a[32m 0[2mms[22m[39m
       [32mÔ£ô[39m deber├¡a manejar error de credenciales inv├ílidas[32m 0[2mms[22m[39m
       [32mÔ£ô[39m deber├¡a iniciar sesi├│n con Google[32m 0[2mms[22m[39m
       [32mÔ£ô[39m deber├¡a registrar nuevo usuario[32m 0[2mms[22m[39m
       [32mÔ£ô[39m deber├¡a rechazar email ya registrado[32m 0[2mms[22m[39m
       [32mÔ£ô[39m deber├¡a validar formato de contrase├▒a[32m 1[2mms[22m[39m
       [32mÔ£ô[39m deber├¡a cerrar sesi├│n correctamente[32m 0[2mms[22m[39m
       [32mÔ£ô[39m deber├¡a limpiar estado del usuario al cerrar sesi├│n[32m 0[2mms[22m[39m
[31m       [31m├ù[31m deber├¡a actualizar informaci├│n del usuario[39m[32m 4[2mms[22m[39m
[31m       [31m├ù[31m deber├¡a actualizar avatar[39m[32m 0[2mms[22m[39m
       [32mÔ£ô[39m deber├¡a enviar email de recuperaci├│n[32m 0[2mms[22m[39m
       [32mÔ£ô[39m deber├¡a manejar email no registrado[32m 0[2mms[22m[39m
       [32mÔ£ô[39m deber├¡a cambiar contrase├▒a[32m 0[2mms[22m[39m
       [32mÔ£ô[39m deber├¡a validar contrase├▒a actual[32m 0[2mms[22m[39m
       [32mÔ£ô[39m deber├¡a manejar error de red[32m 0[2mms[22m[39m
       [32mÔ£ô[39m deber├¡a manejar sesi├│n expirada[32m 0[2mms[22m[39m
       [32mÔ£ô[39m deber├¡a suscribirse a cambios de autenticaci├│n[32m 0[2mms[22m[39m
       [32mÔ£ô[39m deber├¡a limpiar suscripci├│n al desmontar[32m 0[2mms[22m[39m
node.exe : 
En línea: 1 Carácter: 1
+ & "C:\Program 
Files\nodejs/node.exe" 
"C:\Program 
Files\nodejs/node_mo ...
+ ~~~~~~~~~~~~~~~~~~~~~~
~~~~~~~~~~~~~~~~~~~~~~~~
~~~~~~~~~~~~~~~~~~~~~~~
    + CategoryInfo      
        : NotSpecified  
  : (:String) [], Rem   
 oteException
    + FullyQualifiedErr 
   orId : NativeComman  
  dError
 
[31mÔÄ»ÔÄ»ÔÄ»ÔÄ»ÔÄ»ÔÄ»Ô
Ä»[39m[1m[41m Failed 
Tests 2 [49m[22m[31mÔ
Ä»ÔÄ»ÔÄ»ÔÄ»ÔÄ»ÔÄ»ÔÄ»[39
m

[41m[1m FAIL 
[22m[49m src/__tests__
/integration/hooks/useAu
th.test.tsx[2m > 
[22mHook: useAuth[2m 
> [22mActualizaci├│n 
de Perfil[2m > 
[22mdeber├¡a 
actualizar informaci├│n 
del usuario
[31m[1mTypeError[22m:
 __vi_import_0__.mockSup
abaseClient.from(...).up
date(...).eq(...).select
(...).single(...).mockRe
solvedValue is not a 
function[39m
[36m [2mÔØ»[22m src/_
_tests__/integration/hoo
ks/useAuth.test.tsx:[2m
172:72[22m[39m
    [90m170| [39m     
 }
    [90m171| [39m
    [90m172| [39m     
 mockSupabaseClient.from
('users').update().eq().
select().single()ÔÇª
    [90m   | [39m     
                        
                        
                  
[31m^[39m
    [90m173| [39m     
   data[33m:[39m { [3
3m...[39musuariosPrueba
[[34m0[39m][33m,[39m
 [33m...[39mdatosActua
lizados }[33m,[39m
    [90m174| [39m     
   error[33m:[39m 
[35mnull[39m

[31m[2mÔÄ»ÔÄ»ÔÄ»ÔÄ»ÔÄ»
ÔÄ»ÔÄ»ÔÄ»ÔÄ»ÔÄ»ÔÄ»ÔÄ»ÔÄ»
ÔÄ»ÔÄ»ÔÄ»ÔÄ»ÔÄ»ÔÄ»ÔÄ»ÔÄ»
ÔÄ»ÔÄ»ÔÄ»[1/2]ÔÄ»[22m[
39m

[41m[1m FAIL 
[22m[49m src/__tests__
/integration/hooks/useAu
th.test.tsx[2m > 
[22mHook: useAuth[2m 
> [22mActualizaci├│n 
de Perfil[2m > 
[22mdeber├¡a 
actualizar avatar
[31m[1mTypeError[22m:
 __vi_import_0__.mockSup
abaseClient.from(...).up
date(...).eq(...).select
(...).single(...).mockRe
solvedValue is not a 
function[39m
[36m [2mÔØ»[22m src/_
_tests__/integration/hoo
ks/useAuth.test.tsx:[2m
183:72[22m[39m
    [90m181| [39m     
 const nuevoAvatar = 'ht
tps://storage.supabase.c
o/avatars/user-1.ÔÇª
    [90m182| [39m
    [90m183| [39m     
 mockSupabaseClient.from
('users').update().eq().
select().single()ÔÇª
    [90m   | [39m     
                        
                        
                  
[31m^[39m
    [90m184| [39m     
   data[33m:[39m { [3
3m...[39musuariosPrueba
[[34m0[39m][33m,[39m
 avatar_url[33m:[39m 
nuevoAvatar }[33m,[39m
    [90m185| [39m     
   error[33m:[39m 
[35mnull[39m

[31m[2mÔÄ»ÔÄ»ÔÄ»ÔÄ»ÔÄ»
ÔÄ»ÔÄ»ÔÄ»ÔÄ»ÔÄ»ÔÄ»ÔÄ»ÔÄ»
ÔÄ»ÔÄ»ÔÄ»ÔÄ»ÔÄ»ÔÄ»ÔÄ»ÔÄ»
ÔÄ»ÔÄ»ÔÄ»[2/2]ÔÄ»[22m[
39m


[2m Test Files [22m [1m[31m1 failed[39m[22m[90m (1)[39m
[2m      Tests [22m [1m[31m2 failed[39m[22m[2m | [22m[1m[32m18 passed[39m[22m[90m (20)[39m
[2m   Start at [22m 08:55:12
[2m   Duration [22m 1.45s[2m (transform 95ms, setup 317ms, import 69ms, tests 13ms, environment 785ms)[22m

